/Users/danielhenain/Desktop/MD_Engine_testing2/venv/lib/python3.12/site-packages/MDAnalysis/topology/PDBParser.py:372: UserWarning: Unknown element X found for some atoms. These have been given an empty element record. If needed they can be guessed using universe.guess_TopologyAttrs(context='default', to_guess=['elements']).
  warnings.warn(wmsg)
Successfully converted 1024 atoms.
Output: temp_coords.bin

================ INITIALIZING SIMULATION ================
Mode: AUTOTUNE ONLY (final simulation will be skipped)
Converting input file via Python script...
deleting temp files 
Loaded 1024 atoms from ./input/random_particles-1024.pdb
Bounds: dx = 299.184  dy = 299.066  dz = 299.820
Simulation box L = 299.820
rc = 29.982, dt = 0.00500, steps = 1000
Manual thread override: 4

================ BEGINNING AUTOTUNING ================

================ FULL O(N^2) MD ================
FULL MD done. Time: 0.871442 seconds

================ CELL-LIST MD ================
nc=10 cell_size=29.982001 rc=29.982001 ratio=cell_size/rc=1.000 stride=16
CELL-LIST MD done. Time: 0.286004 seconds

================ CELL-LIST (MANHATTAN) MD ================
nc=10 cell_size=29.982001 rc=29.982001 ratio=cell_size/rc=1.000 stride=16
CELL-LIST (MANHATTAN) MD done. Time: 0.227200 seconds

================ NEIGHBOR-LIST MD (Serial) ================
nc=10 cell_size=29.982001 rc=29.982001 ratio=cell_size/rc=1.000 stride=16
NEIGHBOR-LIST MD (Serial) done. Time: 0.026402 seconds

================ FULL O(N^2) Multithread MD ================
FULL O(N^2) PTHREADS done. Time: 0.663658 seconds

================ HALF-SHELL PARALLEL CELL-LIST MD ================
nc=10 cell_size=29.982001 rc=29.982001 ratio=cell_size/rc=1.000 stride=16
HALF-SHELL MULTI-THREADED CELL-LIST MD done. Time: 0.088042 seconds

================ NEIGHBOR-LIST MD (Pthread) ================
nc=10 cell_size=29.982001 rc=29.982001 ratio=cell_size/rc=1.000 stride=16
NEIGHBOR-LIST MD (Pthread) done. Time: 0.054168 seconds

================ MANHATTAN CELL-LIST MD (Pthread) ================
Manhattan threads: 4
nc=10 cell_size=29.982001 rc=29.982001 ratio=cell_size/rc=1.000 stride=16
MANHATTAN CELL-LIST (Pthread) done. Time: 0.080655 seconds

========================================
PERFORMANCE COMPARISON
========================================
FULL O(N^2):                      0.871442 seconds (1.00x speedup)
CELL-LIST:                        0.286004 seconds (3.05x speedup)
CELL-LIST MANHATTAN:              0.227200 seconds (3.84x speedup)
NEIGHBOR-LIST:                    0.026402 seconds (33.01x speedup)
FULL O(N^2) PTHREADS              0.663658 seconds (1.31x speedup)
CELL-LIST HALF-SHELL PTHREADS:    0.088042 seconds (9.90x speedup)
CELL-LIST MANHATTAN PTHREADS:     0.080655 seconds (10.80x speedup)
NBL PTHREADS:                     0.054168 seconds (16.09x speedup)
========================================

FASTEST METHOD: NEIGHBOR-LIST (Serial) (0.026402 seconds)

[AUTOTUNE-ONLY] Skipping final simulation.
[NBL-PTHREAD] Cleanup complete

All simulations complete.
