/Users/danielhenain/Desktop/MD_Engine_testing2/venv/lib/python3.12/site-packages/MDAnalysis/topology/PDBParser.py:372: UserWarning: Unknown element X found for some atoms. These have been given an empty element record. If needed they can be guessed using universe.guess_TopologyAttrs(context='default', to_guess=['elements']).
  warnings.warn(wmsg)
Successfully converted 8192 atoms.
Output: temp_coords.bin

================ INITIALIZING SIMULATION ================
Mode: AUTOTUNE ONLY (final simulation will be skipped)
Converting input file via Python script...
deleting temp files 
Loaded 8192 atoms from ./input/random_particles-8192.pdb
Bounds: dx = 599.891  dy = 599.750  dz = 599.981
Simulation box L = 599.981
rc = 59.998, dt = 0.00500, steps = 1000
Manual thread override: 1

================ BEGINNING AUTOTUNING ================

================ FULL O(N^2) MD ================
FULL MD done. Time: 55.429044 seconds

================ CELL-LIST MD ================
nc=10 cell_size=59.998097 rc=59.998097 ratio=cell_size/rc=1.000 stride=36
CELL-LIST MD done. Time: 9.717650 seconds

================ CELL-LIST (MANHATTAN) MD ================
nc=10 cell_size=59.998097 rc=59.998097 ratio=cell_size/rc=1.000 stride=36
CELL-LIST (MANHATTAN) MD done. Time: 9.886107 seconds

================ NEIGHBOR-LIST MD (Serial) ================
nc=10 cell_size=59.998097 rc=59.998097 ratio=cell_size/rc=1.000 stride=36
NEIGHBOR-LIST MD (Serial) done. Time: 3.506154 seconds

================ FULL O(N^2) Multithread MD ================
FULL O(N^2) PTHREADS done. Time: 109.819060 seconds

================ HALF-SHELL PARALLEL CELL-LIST MD ================
nc=10 cell_size=59.998097 rc=59.998097 ratio=cell_size/rc=1.000 stride=36
HALF-SHELL MULTI-THREADED CELL-LIST MD done. Time: 5.225019 seconds

================ NEIGHBOR-LIST MD (Pthread) ================
nc=10 cell_size=59.998097 rc=59.998097 ratio=cell_size/rc=1.000 stride=36
NEIGHBOR-LIST MD (Pthread) done. Time: 4.511108 seconds

================ MANHATTAN CELL-LIST MD (Pthread) ================
Manhattan threads: 1
nc=10 cell_size=59.998097 rc=59.998097 ratio=cell_size/rc=1.000 stride=36
MANHATTAN CELL-LIST (Pthread) done. Time: 5.095644 seconds

========================================
PERFORMANCE COMPARISON
========================================
FULL O(N^2):                      55.429044 seconds (1.00x speedup)
CELL-LIST:                        9.717650 seconds (5.70x speedup)
CELL-LIST MANHATTAN:              9.886107 seconds (5.61x speedup)
NEIGHBOR-LIST:                    3.506154 seconds (15.81x speedup)
FULL O(N^2) PTHREADS              109.819060 seconds (0.50x speedup)
CELL-LIST HALF-SHELL PTHREADS:    5.225019 seconds (10.61x speedup)
CELL-LIST MANHATTAN PTHREADS:     5.095644 seconds (10.88x speedup)
NBL PTHREADS:                     4.511108 seconds (12.29x speedup)
========================================

FASTEST METHOD: NEIGHBOR-LIST (Serial) (3.506154 seconds)

[AUTOTUNE-ONLY] Skipping final simulation.
[NBL-PTHREAD] Cleanup complete

All simulations complete.
