/usr4/ugrad/eseoh/EC463_Team9_Dynamix-II/MD_Engine_GPU/venv/lib64/python3.6/site-packages/MDAnalysis/topology/PDBParser.py:334: UserWarning: Unknown element X found for some atoms. These have been given an empty element record. If needed they can be guessed using MDAnalysis.topology.guessers.
  warnings.warn(wmsg)
/usr4/ugrad/eseoh/EC463_Team9_Dynamix-II/MD_Engine_GPU/venv/lib64/python3.6/site-packages/MDAnalysis/topology/guessers.py:146: UserWarning: Failed to guess the mass for the following atom types: X
  warnings.warn("Failed to guess the mass for the following atom types: {}".format(atom_type))
Successfully converted 32768 atoms.
Output: temp_coords.bin

================ INITIALIZING SIMULATION ================
Converting input file via Python script...
Loaded 32768 atoms from ./input/random_particles-32768.pdb
Bounds: dx = 952.404  dy = 952.370  dz = 952.370
Simulation box L = 952.404
rc = 30.000, dt = 0.00100, steps = 2000

================ BEGINNING AUTOTUNING ================

================ FULL O(N^2) GPU (2000 steps) ================
Full O(N^2) done.   Time: 230.549793 s

================ CELL-LIST GPU (2000 steps) ================
Cell-list done.     Time: 2.344575 s

================ NEIGHBOR-LIST GPU (2000 steps) ================
Neighbor-list done. Time: 0.439927 s

================ MANHATTAN CELL-LIST GPU (2000 steps) ================
Manhattan done.     Time: 3.758252 s

========================================
PERFORMANCE COMPARISON
========================================
Full O(N^2):   230.549793 s
Cell-list:     2.344575 s  (98.33x)
Neighbor-list: 0.439927 s  (524.06x)
Manhattan:     3.758252 s  (61.34x)
========================================
FASTEST: NEIGHBOR-LIST GPU

================ FULL RUN — NEIGHBOR-LIST GPU (4000 steps) ================
Full run done. Time: 0.874437 s
Output: output/final_energies.csv, output/final_positions.pdb

All simulations complete.
