/usr4/ugrad/eseoh/EC463_Team9_Dynamix-II/MD_Engine_GPU/venv/lib64/python3.6/site-packages/MDAnalysis/topology/PDBParser.py:334: UserWarning: Unknown element X found for some atoms. These have been given an empty element record. If needed they can be guessed using MDAnalysis.topology.guessers.
  warnings.warn(wmsg)
/usr4/ugrad/eseoh/EC463_Team9_Dynamix-II/MD_Engine_GPU/venv/lib64/python3.6/site-packages/MDAnalysis/topology/guessers.py:146: UserWarning: Failed to guess the mass for the following atom types: X
  warnings.warn("Failed to guess the mass for the following atom types: {}".format(atom_type))
Successfully converted 4096 atoms.
Output: temp_coords.bin

================ INITIALIZING SIMULATION ================
Converting input file via Python script...
Loaded 4096 atoms from ./input/random_particles-4096.pdb
Bounds: dx = 476.153  dy = 475.638  dz = 475.808
Simulation box L = 476.153
rc = 30.000, dt = 0.00100, steps = 2000

================ BEGINNING AUTOTUNING ================

================ FULL O(N^2) GPU (2000 steps) ================
Full O(N^2) done.   Time: 14.942159 s

================ CELL-LIST GPU (2000 steps) ================
Cell-list done.     Time: 1.408993 s

================ NEIGHBOR-LIST GPU (2000 steps) ================
Neighbor-list done. Time: 0.347988 s

================ MANHATTAN CELL-LIST GPU (2000 steps) ================
Manhattan done.     Time: 0.770447 s

========================================
PERFORMANCE COMPARISON
========================================
Full O(N^2):   14.942159 s
Cell-list:     1.408993 s  (10.60x)
Neighbor-list: 0.347988 s  (42.94x)
Manhattan:     0.770447 s  (19.39x)
========================================
FASTEST: NEIGHBOR-LIST GPU

================ FULL RUN — NEIGHBOR-LIST GPU (4000 steps) ================
Full run done. Time: 0.695508 s
Output: output/final_energies.csv, output/final_positions.pdb

All simulations complete.
