/Users/danielhenain/Desktop/MD_Engine_testing2/venv/lib/python3.12/site-packages/MDAnalysis/topology/PDBParser.py:372: UserWarning: Unknown element X found for some atoms. These have been given an empty element record. If needed they can be guessed using universe.guess_TopologyAttrs(context='default', to_guess=['elements']).
  warnings.warn(wmsg)
Successfully converted 16384 atoms.
Output: temp_coords.bin

================ INITIALIZING SIMULATION ================
Mode: AUTOTUNE ONLY (final simulation will be skipped)
Converting input file via Python script...
deleting temp files 
Loaded 16384 atoms from ./input/random_particles-16384.pdb
Bounds: dx = 755.864  dy = 755.884  dz = 755.878
Simulation box L = 755.884
rc = 75.588, dt = 0.00500, steps = 1000
Manual thread override: 1

================ BEGINNING AUTOTUNING ================

================ FULL O(N^2) MD ================
FULL MD done. Time: 225.384285 seconds

================ CELL-LIST MD ================
nc=10 cell_size=75.588402 rc=75.588402 ratio=cell_size/rc=1.000 stride=68
CELL-LIST MD done. Time: 32.646610 seconds

================ CELL-LIST (MANHATTAN) MD ================
nc=10 cell_size=75.588402 rc=75.588402 ratio=cell_size/rc=1.000 stride=68
CELL-LIST (MANHATTAN) MD done. Time: 37.192789 seconds

================ NEIGHBOR-LIST MD (Serial) ================
nc=10 cell_size=75.588402 rc=75.588402 ratio=cell_size/rc=1.000 stride=68
NEIGHBOR-LIST MD (Serial) done. Time: 15.528932 seconds

================ FULL O(N^2) Multithread MD ================
FULL O(N^2) PTHREADS done. Time: 437.496958 seconds

================ HALF-SHELL PARALLEL CELL-LIST MD ================
nc=10 cell_size=75.588402 rc=75.588402 ratio=cell_size/rc=1.000 stride=68
HALF-SHELL MULTI-THREADED CELL-LIST MD done. Time: 18.602004 seconds

================ NEIGHBOR-LIST MD (Pthread) ================
nc=10 cell_size=75.588402 rc=75.588402 ratio=cell_size/rc=1.000 stride=68
NEIGHBOR-LIST MD (Pthread) done. Time: 17.770380 seconds

================ MANHATTAN CELL-LIST MD (Pthread) ================
Manhattan threads: 1
nc=10 cell_size=75.588402 rc=75.588402 ratio=cell_size/rc=1.000 stride=68
MANHATTAN CELL-LIST (Pthread) done. Time: 18.359913 seconds

========================================
PERFORMANCE COMPARISON
========================================
FULL O(N^2):                      225.384285 seconds (1.00x speedup)
CELL-LIST:                        32.646610 seconds (6.90x speedup)
CELL-LIST MANHATTAN:              37.192789 seconds (6.06x speedup)
NEIGHBOR-LIST:                    15.528932 seconds (14.51x speedup)
FULL O(N^2) PTHREADS              437.496958 seconds (0.52x speedup)
CELL-LIST HALF-SHELL PTHREADS:    18.602004 seconds (12.12x speedup)
CELL-LIST MANHATTAN PTHREADS:     18.359913 seconds (12.28x speedup)
NBL PTHREADS:                     17.770380 seconds (12.68x speedup)
========================================

FASTEST METHOD: NEIGHBOR-LIST (Serial) (15.528932 seconds)

[AUTOTUNE-ONLY] Skipping final simulation.
[NBL-PTHREAD] Cleanup complete

All simulations complete.
