/Users/danielhenain/Desktop/MD_Engine_testing2/venv/lib/python3.12/site-packages/MDAnalysis/topology/PDBParser.py:372: UserWarning: Unknown element X found for some atoms. These have been given an empty element record. If needed they can be guessed using universe.guess_TopologyAttrs(context='default', to_guess=['elements']).
  warnings.warn(wmsg)
Successfully converted 2048 atoms.
Output: temp_coords.bin

================ INITIALIZING SIMULATION ================
Mode: AUTOTUNE ONLY (final simulation will be skipped)
Converting input file via Python script...
deleting temp files 
Loaded 2048 atoms from ./input/random_particles-2048.pdb
Bounds: dx = 377.690  dy = 377.843  dz = 377.757
Simulation box L = 377.843
rc = 37.784, dt = 0.00500, steps = 1000
Manual thread override: 2

================ BEGINNING AUTOTUNING ================

================ FULL O(N^2) MD ================
FULL MD done. Time: 3.465646 seconds

================ CELL-LIST MD ================
nc=10 cell_size=37.784301 rc=37.784301 ratio=cell_size/rc=1.000 stride=16
CELL-LIST MD done. Time: 0.899024 seconds

================ CELL-LIST (MANHATTAN) MD ================
nc=10 cell_size=37.784301 rc=37.784301 ratio=cell_size/rc=1.000 stride=16
CELL-LIST (MANHATTAN) MD done. Time: 0.796893 seconds

================ NEIGHBOR-LIST MD (Serial) ================
nc=10 cell_size=37.784301 rc=37.784301 ratio=cell_size/rc=1.000 stride=16
NEIGHBOR-LIST MD (Serial) done. Time: 0.220039 seconds

================ FULL O(N^2) Multithread MD ================
FULL O(N^2) PTHREADS done. Time: 3.885524 seconds

================ HALF-SHELL PARALLEL CELL-LIST MD ================
nc=10 cell_size=37.784301 rc=37.784301 ratio=cell_size/rc=1.000 stride=16
HALF-SHELL MULTI-THREADED CELL-LIST MD done. Time: 0.353477 seconds

================ NEIGHBOR-LIST MD (Pthread) ================
nc=10 cell_size=37.784301 rc=37.784301 ratio=cell_size/rc=1.000 stride=16
NEIGHBOR-LIST MD (Pthread) done. Time: 0.223872 seconds

================ MANHATTAN CELL-LIST MD (Pthread) ================
Manhattan threads: 2
nc=10 cell_size=37.784301 rc=37.784301 ratio=cell_size/rc=1.000 stride=16
MANHATTAN CELL-LIST (Pthread) done. Time: 0.321887 seconds

========================================
PERFORMANCE COMPARISON
========================================
FULL O(N^2):                      3.465646 seconds (1.00x speedup)
CELL-LIST:                        0.899024 seconds (3.85x speedup)
CELL-LIST MANHATTAN:              0.796893 seconds (4.35x speedup)
NEIGHBOR-LIST:                    0.220039 seconds (15.75x speedup)
FULL O(N^2) PTHREADS              3.885524 seconds (0.89x speedup)
CELL-LIST HALF-SHELL PTHREADS:    0.353477 seconds (9.80x speedup)
CELL-LIST MANHATTAN PTHREADS:     0.321887 seconds (10.77x speedup)
NBL PTHREADS:                     0.223872 seconds (15.48x speedup)
========================================

FASTEST METHOD: NEIGHBOR-LIST (Serial) (0.220039 seconds)

[AUTOTUNE-ONLY] Skipping final simulation.
[NBL-PTHREAD] Cleanup complete

All simulations complete.
