/Users/danielhenain/Desktop/MD_Engine_testing2/venv/lib/python3.12/site-packages/MDAnalysis/topology/PDBParser.py:372: UserWarning: Unknown element X found for some atoms. These have been given an empty element record. If needed they can be guessed using universe.guess_TopologyAttrs(context='default', to_guess=['elements']).
  warnings.warn(wmsg)
Successfully converted 4096 atoms.
Output: temp_coords.bin

================ INITIALIZING SIMULATION ================
Mode: AUTOTUNE ONLY (final simulation will be skipped)
Converting input file via Python script...
deleting temp files 
Loaded 4096 atoms from ./input/random_particles-4096.pdb
Bounds: dx = 476.153  dy = 475.638  dz = 475.808
Simulation box L = 476.153
rc = 47.615, dt = 0.00500, steps = 1000
Manual thread override: 1

================ BEGINNING AUTOTUNING ================

================ FULL O(N^2) MD ================
FULL MD done. Time: 13.806571 seconds

================ CELL-LIST MD ================
nc=10 cell_size=47.615300 rc=47.615300 ratio=cell_size/rc=1.000 stride=20
CELL-LIST MD done. Time: 3.001058 seconds

================ CELL-LIST (MANHATTAN) MD ================
nc=10 cell_size=47.615300 rc=47.615300 ratio=cell_size/rc=1.000 stride=20
CELL-LIST (MANHATTAN) MD done. Time: 2.711009 seconds

================ NEIGHBOR-LIST MD (Serial) ================
nc=10 cell_size=47.615300 rc=47.615300 ratio=cell_size/rc=1.000 stride=20
NEIGHBOR-LIST MD (Serial) done. Time: 0.895091 seconds

================ FULL O(N^2) Multithread MD ================
FULL O(N^2) PTHREADS done. Time: 27.477694 seconds

================ HALF-SHELL PARALLEL CELL-LIST MD ================
nc=10 cell_size=47.615300 rc=47.615300 ratio=cell_size/rc=1.000 stride=20
HALF-SHELL MULTI-THREADED CELL-LIST MD done. Time: 1.579375 seconds

================ NEIGHBOR-LIST MD (Pthread) ================
nc=10 cell_size=47.615300 rc=47.615300 ratio=cell_size/rc=1.000 stride=20
NEIGHBOR-LIST MD (Pthread) done. Time: 1.151895 seconds

================ MANHATTAN CELL-LIST MD (Pthread) ================
Manhattan threads: 1
nc=10 cell_size=47.615300 rc=47.615300 ratio=cell_size/rc=1.000 stride=20
MANHATTAN CELL-LIST (Pthread) done. Time: 1.489940 seconds

========================================
PERFORMANCE COMPARISON
========================================
FULL O(N^2):                      13.806571 seconds (1.00x speedup)
CELL-LIST:                        3.001058 seconds (4.60x speedup)
CELL-LIST MANHATTAN:              2.711009 seconds (5.09x speedup)
NEIGHBOR-LIST:                    0.895091 seconds (15.42x speedup)
FULL O(N^2) PTHREADS              27.477694 seconds (0.50x speedup)
CELL-LIST HALF-SHELL PTHREADS:    1.579375 seconds (8.74x speedup)
CELL-LIST MANHATTAN PTHREADS:     1.489940 seconds (9.27x speedup)
NBL PTHREADS:                     1.151895 seconds (11.99x speedup)
========================================

FASTEST METHOD: NEIGHBOR-LIST (Serial) (0.895091 seconds)

[AUTOTUNE-ONLY] Skipping final simulation.
[NBL-PTHREAD] Cleanup complete

All simulations complete.
