/Users/danielhenain/Desktop/MD_Engine_testing2/venv/lib/python3.12/site-packages/MDAnalysis/topology/PDBParser.py:372: UserWarning: Unknown element X found for some atoms. These have been given an empty element record. If needed they can be guessed using universe.guess_TopologyAttrs(context='default', to_guess=['elements']).
  warnings.warn(wmsg)
Successfully converted 4096 atoms.
Output: temp_coords.bin

================ INITIALIZING SIMULATION ================
Mode: AUTOTUNE ONLY (final simulation will be skipped)
Converting input file via Python script...
deleting temp files 
Loaded 4096 atoms from ./input/random_particles-4096.pdb
Bounds: dx = 476.153  dy = 475.638  dz = 475.808
Simulation box L = 476.153
rc = 47.615, dt = 0.00500, steps = 1000
Manual thread override: 2

================ BEGINNING AUTOTUNING ================

================ FULL O(N^2) MD ================
FULL MD done. Time: 13.843720 seconds

================ CELL-LIST MD ================
nc=10 cell_size=47.615300 rc=47.615300 ratio=cell_size/rc=1.000 stride=20
CELL-LIST MD done. Time: 3.004096 seconds

================ CELL-LIST (MANHATTAN) MD ================
nc=10 cell_size=47.615300 rc=47.615300 ratio=cell_size/rc=1.000 stride=20
CELL-LIST (MANHATTAN) MD done. Time: 2.717109 seconds

================ NEIGHBOR-LIST MD (Serial) ================
nc=10 cell_size=47.615300 rc=47.615300 ratio=cell_size/rc=1.000 stride=20
NEIGHBOR-LIST MD (Serial) done. Time: 0.899822 seconds

================ FULL O(N^2) Multithread MD ================
FULL O(N^2) PTHREADS done. Time: 14.520772 seconds

================ HALF-SHELL PARALLEL CELL-LIST MD ================
nc=10 cell_size=47.615300 rc=47.615300 ratio=cell_size/rc=1.000 stride=20
HALF-SHELL MULTI-THREADED CELL-LIST MD done. Time: 0.949560 seconds

================ NEIGHBOR-LIST MD (Pthread) ================
nc=10 cell_size=47.615300 rc=47.615300 ratio=cell_size/rc=1.000 stride=20
NEIGHBOR-LIST MD (Pthread) done. Time: 0.914066 seconds

================ MANHATTAN CELL-LIST MD (Pthread) ================
Manhattan threads: 2
nc=10 cell_size=47.615300 rc=47.615300 ratio=cell_size/rc=1.000 stride=20
MANHATTAN CELL-LIST (Pthread) done. Time: 0.899938 seconds

========================================
PERFORMANCE COMPARISON
========================================
FULL O(N^2):                      13.843720 seconds (1.00x speedup)
CELL-LIST:                        3.004096 seconds (4.61x speedup)
CELL-LIST MANHATTAN:              2.717109 seconds (5.10x speedup)
NEIGHBOR-LIST:                    0.899822 seconds (15.38x speedup)
FULL O(N^2) PTHREADS              14.520772 seconds (0.95x speedup)
CELL-LIST HALF-SHELL PTHREADS:    0.949560 seconds (14.58x speedup)
CELL-LIST MANHATTAN PTHREADS:     0.899938 seconds (15.38x speedup)
NBL PTHREADS:                     0.914066 seconds (15.15x speedup)
========================================

FASTEST METHOD: NEIGHBOR-LIST (Serial) (0.899822 seconds)

[AUTOTUNE-ONLY] Skipping final simulation.
[NBL-PTHREAD] Cleanup complete

All simulations complete.
