/Users/danielhenain/Desktop/MD_Engine_testing2/venv/lib/python3.12/site-packages/MDAnalysis/topology/PDBParser.py:372: UserWarning: Unknown element X found for some atoms. These have been given an empty element record. If needed they can be guessed using universe.guess_TopologyAttrs(context='default', to_guess=['elements']).
  warnings.warn(wmsg)
Successfully converted 4096 atoms.
Output: temp_coords.bin

================ INITIALIZING SIMULATION ================
Mode: AUTOTUNE ONLY (final simulation will be skipped)
Converting input file via Python script...
deleting temp files 
Loaded 4096 atoms from ./input/random_particles-4096.pdb
Bounds: dx = 476.153  dy = 475.638  dz = 475.808
Simulation box L = 476.153
rc = 47.615, dt = 0.00500, steps = 1000
Manual thread override: 4

================ BEGINNING AUTOTUNING ================

================ FULL O(N^2) MD ================
FULL MD done. Time: 13.885820 seconds

================ CELL-LIST MD ================
nc=10 cell_size=47.615300 rc=47.615300 ratio=cell_size/rc=1.000 stride=20
CELL-LIST MD done. Time: 2.999562 seconds

================ CELL-LIST (MANHATTAN) MD ================
nc=10 cell_size=47.615300 rc=47.615300 ratio=cell_size/rc=1.000 stride=20
CELL-LIST (MANHATTAN) MD done. Time: 2.711207 seconds

================ NEIGHBOR-LIST MD (Serial) ================
nc=10 cell_size=47.615300 rc=47.615300 ratio=cell_size/rc=1.000 stride=20
NEIGHBOR-LIST MD (Serial) done. Time: 0.899515 seconds

================ FULL O(N^2) Multithread MD ================
FULL O(N^2) PTHREADS done. Time: 8.360861 seconds

================ HALF-SHELL PARALLEL CELL-LIST MD ================
nc=10 cell_size=47.615300 rc=47.615300 ratio=cell_size/rc=1.000 stride=20
HALF-SHELL MULTI-THREADED CELL-LIST MD done. Time: 0.575914 seconds

================ NEIGHBOR-LIST MD (Pthread) ================
nc=10 cell_size=47.615300 rc=47.615300 ratio=cell_size/rc=1.000 stride=20
NEIGHBOR-LIST MD (Pthread) done. Time: 0.575859 seconds

================ MANHATTAN CELL-LIST MD (Pthread) ================
Manhattan threads: 4
nc=10 cell_size=47.615300 rc=47.615300 ratio=cell_size/rc=1.000 stride=20
MANHATTAN CELL-LIST (Pthread) done. Time: 0.544874 seconds

========================================
PERFORMANCE COMPARISON
========================================
FULL O(N^2):                      13.885820 seconds (1.00x speedup)
CELL-LIST:                        2.999562 seconds (4.63x speedup)
CELL-LIST MANHATTAN:              2.711207 seconds (5.12x speedup)
NEIGHBOR-LIST:                    0.899515 seconds (15.44x speedup)
FULL O(N^2) PTHREADS              8.360861 seconds (1.66x speedup)
CELL-LIST HALF-SHELL PTHREADS:    0.575914 seconds (24.11x speedup)
CELL-LIST MANHATTAN PTHREADS:     0.544874 seconds (25.48x speedup)
NBL PTHREADS:                     0.575859 seconds (24.11x speedup)
========================================

FASTEST METHOD: MANHATTAN CELL-LIST (Pthread) (0.544874 seconds)

[AUTOTUNE-ONLY] Skipping final simulation.
[NBL-PTHREAD] Cleanup complete

All simulations complete.
