/Users/danielhenain/Desktop/MD_Engine_testing2/venv/lib/python3.12/site-packages/MDAnalysis/topology/PDBParser.py:372: UserWarning: Unknown element X found for some atoms. These have been given an empty element record. If needed they can be guessed using universe.guess_TopologyAttrs(context='default', to_guess=['elements']).
  warnings.warn(wmsg)
Successfully converted 8192 atoms.
Output: temp_coords.bin

================ INITIALIZING SIMULATION ================
Mode: AUTOTUNE ONLY (final simulation will be skipped)
Converting input file via Python script...
deleting temp files 
Loaded 8192 atoms from ./input/random_particles-8192.pdb
Bounds: dx = 599.891  dy = 599.750  dz = 599.981
Simulation box L = 599.981
rc = 59.998, dt = 0.00500, steps = 1000
Manual thread override: 8

================ BEGINNING AUTOTUNING ================

================ FULL O(N^2) MD ================
FULL MD done. Time: 55.214211 seconds

================ CELL-LIST MD ================
nc=10 cell_size=59.998097 rc=59.998097 ratio=cell_size/rc=1.000 stride=36
CELL-LIST MD done. Time: 9.712292 seconds

================ CELL-LIST (MANHATTAN) MD ================
nc=10 cell_size=59.998097 rc=59.998097 ratio=cell_size/rc=1.000 stride=36
CELL-LIST (MANHATTAN) MD done. Time: 9.956609 seconds

================ NEIGHBOR-LIST MD (Serial) ================
nc=10 cell_size=59.998097 rc=59.998097 ratio=cell_size/rc=1.000 stride=36
NEIGHBOR-LIST MD (Serial) done. Time: 3.489744 seconds

================ FULL O(N^2) Multithread MD ================
FULL O(N^2) PTHREADS done. Time: 25.601941 seconds

================ HALF-SHELL PARALLEL CELL-LIST MD ================
nc=10 cell_size=59.998097 rc=59.998097 ratio=cell_size/rc=1.000 stride=36
HALF-SHELL MULTI-THREADED CELL-LIST MD done. Time: 1.500495 seconds

================ NEIGHBOR-LIST MD (Pthread) ================
nc=10 cell_size=59.998097 rc=59.998097 ratio=cell_size/rc=1.000 stride=36
NEIGHBOR-LIST MD (Pthread) done. Time: 1.517458 seconds

================ MANHATTAN CELL-LIST MD (Pthread) ================
Manhattan threads: 8
nc=10 cell_size=59.998097 rc=59.998097 ratio=cell_size/rc=1.000 stride=36
MANHATTAN CELL-LIST (Pthread) done. Time: 1.458736 seconds

========================================
PERFORMANCE COMPARISON
========================================
FULL O(N^2):                      55.214211 seconds (1.00x speedup)
CELL-LIST:                        9.712292 seconds (5.68x speedup)
CELL-LIST MANHATTAN:              9.956609 seconds (5.55x speedup)
NEIGHBOR-LIST:                    3.489744 seconds (15.82x speedup)
FULL O(N^2) PTHREADS              25.601941 seconds (2.16x speedup)
CELL-LIST HALF-SHELL PTHREADS:    1.500495 seconds (36.80x speedup)
CELL-LIST MANHATTAN PTHREADS:     1.458736 seconds (37.85x speedup)
NBL PTHREADS:                     1.517458 seconds (36.39x speedup)
========================================

FASTEST METHOD: MANHATTAN CELL-LIST (Pthread) (1.458736 seconds)

[AUTOTUNE-ONLY] Skipping final simulation.
[NBL-PTHREAD] Cleanup complete

All simulations complete.
