/Users/danielhenain/Desktop/MD_Engine_testing/venv/lib/python3.12/site-packages/MDAnalysis/topology/PDBParser.py:372: UserWarning: Unknown element X found for some atoms. These have been given an empty element record. If needed they can be guessed using universe.guess_TopologyAttrs(context='default', to_guess=['elements']).
  warnings.warn(wmsg)
Successfully converted 1024 atoms.
Output: temp_coords.bin

================ INITIALIZING SIMULATION ================
Converting input file via Python script...
deleting temp files 
Loaded 1024 atoms from ./input/random_particles-1024.pdb
Bounds: dx = 299.184  dy = 299.066  dz = 299.820
Simulation box L = 299.820
rc = 29.982, dt = 0.00500, steps = 1000
Manual thread override: 1

================ BEGINNING AUTOTUNING ================

================ FULL O(N^2) MD ================
FULL MD done. Time: 0.846041 seconds

================ CELL-LIST MD ================
nc=10 cell_size=29.982001 rc=29.982001 ratio=cell_size/rc=1.000
CELL-LIST MD done. Time: 0.292672 seconds

================ CELL-LIST (MANHATTAN) MD ================
nc=10 cell_size=29.982001 rc=29.982001 ratio=cell_size/rc=1.000
CELL-LIST (MANHATTAN) MD done. Time: 0.256796 seconds

================ NEIGHBOR-LIST MD (Serial) ================
nc=10 cell_size=29.982001 rc=29.982001 ratio=cell_size/rc=1.000
NEIGHBOR-LIST MD (Serial) done. Time: 0.024824 seconds

================ FULL O(N^2) Multithread MD ================
FULL MD done. Time: 1.773673 seconds

================ HALF-SHELL PARALLEL CELL-LIST MD ================
nc=10 cell_size=29.982001 rc=29.982001 ratio=cell_size/rc=1.000
HALF-SHELL MULTI-THREADED CELL-LIST MD done. Time: 0.155004 seconds

================ NEIGHBOR-LIST MD (Pthread) ================
nc=10 cell_size=29.982001 rc=29.982001 ratio=cell_size/rc=1.000
NEIGHBOR-LIST MD (Pthread) done. Time: 0.058316 seconds

================ MANHATTAN CELL-LIST MD (Pthread) ================
Manhattan threads: 1
nc=10 cell_size=29.982001 rc=29.982001 ratio=cell_size/rc=1.000
MANHATTAN CELL-LIST (Pthread) done. Time: 0.154039 seconds

========================================
PERFORMANCE COMPARISON
========================================
FULL O(N^2):                      0.846041 seconds (1.00x speedup)
CELL-LIST:                        0.292672 seconds (2.89x speedup)
CELL-LIST MANHATTAN:              0.256796 seconds (3.29x speedup)
NEIGHBOR-LIST:                    0.024824 seconds (34.08x speedup)
FULL O(N^2) PTHREADS              1.773673 seconds (0.48x speedup)
CELL-LIST HALF-SHELL PTHREADS:    0.155004 seconds (5.46x speedup)
CELL-LIST MANHATTAN PTHREADS:     0.154039 seconds (5.49x speedup)
NBL PTHREADS:                     0.058316 seconds (14.51x speedup)
========================================

FASTEST METHOD: NEIGHBOR-LIST (Serial) (0.024824 seconds)

========================================
RUNNING FULL SIMULATION WITH: NEIGHBOR-LIST (Serial)
for 2000 TIMESTEPS
========================================
nc=10 cell_size=29.982001 rc=29.982001 ratio=cell_size/rc=1.000
Final simulation complete. Time: 0.049474 seconds
Output: output/final_energies.csv, output/final_positions.pdb
[NBL-PTHREAD] Cleanup complete

All simulations complete.
