/Users/danielhenain/Desktop/MD_Engine_testing/venv/lib/python3.12/site-packages/MDAnalysis/topology/PDBParser.py:372: UserWarning: Unknown element X found for some atoms. These have been given an empty element record. If needed they can be guessed using universe.guess_TopologyAttrs(context='default', to_guess=['elements']).
  warnings.warn(wmsg)
Successfully converted 2048 atoms.
Output: temp_coords.bin

================ INITIALIZING SIMULATION ================
Converting input file via Python script...
deleting temp files 
Loaded 2048 atoms from ./input/random_particles-2048.pdb
Bounds: dx = 377.690  dy = 377.843  dz = 377.757
Simulation box L = 377.843
rc = 37.784, dt = 0.00500, steps = 1000
Manual thread override: 8

================ BEGINNING AUTOTUNING ================

================ FULL O(N^2) MD ================
FULL MD done. Time: 3.460247 seconds

================ CELL-LIST MD ================
nc=10 cell_size=37.784301 rc=37.784301 ratio=cell_size/rc=1.000
CELL-LIST MD done. Time: 0.891314 seconds

================ CELL-LIST (MANHATTAN) MD ================
nc=10 cell_size=37.784301 rc=37.784301 ratio=cell_size/rc=1.000
CELL-LIST (MANHATTAN) MD done. Time: 0.832053 seconds

================ NEIGHBOR-LIST MD (Serial) ================
nc=10 cell_size=37.784301 rc=37.784301 ratio=cell_size/rc=1.000
NEIGHBOR-LIST MD (Serial) done. Time: 0.195086 seconds

================ FULL O(N^2) Multithread MD ================
FULL MD done. Time: 2.194016 seconds

================ HALF-SHELL PARALLEL CELL-LIST MD ================
nc=10 cell_size=37.784301 rc=37.784301 ratio=cell_size/rc=1.000
HALF-SHELL MULTI-THREADED CELL-LIST MD done. Time: 0.227246 seconds

================ NEIGHBOR-LIST MD (Pthread) ================
nc=10 cell_size=37.784301 rc=37.784301 ratio=cell_size/rc=1.000
NEIGHBOR-LIST MD (Pthread) done. Time: 0.153931 seconds

================ MANHATTAN CELL-LIST MD (Pthread) ================
Manhattan threads: 8
nc=10 cell_size=37.784301 rc=37.784301 ratio=cell_size/rc=1.000
MANHATTAN CELL-LIST (Pthread) done. Time: 0.227089 seconds

========================================
PERFORMANCE COMPARISON
========================================
FULL O(N^2):                      3.460247 seconds (1.00x speedup)
CELL-LIST:                        0.891314 seconds (3.88x speedup)
CELL-LIST MANHATTAN:              0.832053 seconds (4.16x speedup)
NEIGHBOR-LIST:                    0.195086 seconds (17.74x speedup)
FULL O(N^2) PTHREADS              2.194016 seconds (1.58x speedup)
CELL-LIST HALF-SHELL PTHREADS:    0.227246 seconds (15.23x speedup)
CELL-LIST MANHATTAN PTHREADS:     0.227089 seconds (15.24x speedup)
NBL PTHREADS:                     0.153931 seconds (22.48x speedup)
========================================

FASTEST METHOD: NBL PTHREAD (0.153931 seconds)

========================================
RUNNING FULL SIMULATION WITH: NBL PTHREAD
for 2000 TIMESTEPS
========================================
nc=10 cell_size=37.784301 rc=37.784301 ratio=cell_size/rc=1.000
Final simulation complete. Time: 0.583712 seconds
Output: output/final_energies.csv, output/final_positions.pdb
[NBL-PTHREAD] Cleanup complete

All simulations complete.
