/Users/danielhenain/Desktop/MD_Engine_testing/venv/lib/python3.12/site-packages/MDAnalysis/topology/PDBParser.py:372: UserWarning: Unknown element X found for some atoms. These have been given an empty element record. If needed they can be guessed using universe.guess_TopologyAttrs(context='default', to_guess=['elements']).
  warnings.warn(wmsg)
Successfully converted 8192 atoms.
Output: temp_coords.bin

================ INITIALIZING SIMULATION ================
Converting input file via Python script...
deleting temp files 
Loaded 8192 atoms from ./input/random_particles-8192.pdb
Bounds: dx = 599.891  dy = 599.750  dz = 599.981
Simulation box L = 599.981
rc = 59.998, dt = 0.00500, steps = 1000
Manual thread override: 4

================ BEGINNING AUTOTUNING ================

================ FULL O(N^2) MD ================
FULL MD done. Time: 55.097256 seconds

================ CELL-LIST MD ================
nc=10 cell_size=59.998097 rc=59.998097 ratio=cell_size/rc=1.000
CELL-LIST MD done. Time: 9.723135 seconds

================ CELL-LIST (MANHATTAN) MD ================
nc=10 cell_size=59.998097 rc=59.998097 ratio=cell_size/rc=1.000
CELL-LIST (MANHATTAN) MD done. Time: 3.394902 seconds

================ NEIGHBOR-LIST MD (Serial) ================
nc=10 cell_size=59.998097 rc=59.998097 ratio=cell_size/rc=1.000
NEIGHBOR-LIST MD (Serial) done. Time: 3.491138 seconds

================ FULL O(N^2) Multithread MD ================
FULL MD done. Time: 33.113527 seconds

================ HALF-SHELL PARALLEL CELL-LIST MD ================
nc=10 cell_size=59.998097 rc=59.998097 ratio=cell_size/rc=1.000
HALF-SHELL MULTI-THREADED CELL-LIST MD done. Time: 1.827395 seconds

================ NEIGHBOR-LIST MD (Pthread) ================
nc=10 cell_size=59.998097 rc=59.998097 ratio=cell_size/rc=1.000
NEIGHBOR-LIST MD (Pthread) done. Time: 2.107306 seconds

================ MANHATTAN CELL-LIST MD (Pthread) ================
Manhattan threads: 4
nc=10 cell_size=59.998097 rc=59.998097 ratio=cell_size/rc=1.000
MANHATTAN CELL-LIST (Pthread) done. Time: 0.331384 seconds

========================================
PERFORMANCE COMPARISON
========================================
FULL O(N^2):                      55.097256 seconds (1.00x speedup)
CELL-LIST:                        9.723135 seconds (5.67x speedup)
CELL-LIST MANHATTAN:              3.394902 seconds (16.23x speedup)
NEIGHBOR-LIST:                    3.491138 seconds (15.78x speedup)
FULL O(N^2) PTHREADS              33.113527 seconds (1.66x speedup)
CELL-LIST HALF-SHELL PTHREADS:    1.827395 seconds (30.15x speedup)
CELL-LIST MANHATTAN PTHREADS:     0.331384 seconds (166.26x speedup)
NBL PTHREADS:                     2.107306 seconds (26.15x speedup)
========================================

FASTEST METHOD: MANHATTAN CELL-LIST (Pthread) (0.331384 seconds)

========================================
RUNNING FULL SIMULATION WITH: MANHATTAN CELL-LIST (Pthread)
for 2000 TIMESTEPS
========================================
nc=10 cell_size=59.998097 rc=59.998097 ratio=cell_size/rc=1.000
Final simulation complete. Time: 1.474307 seconds
Output: output/final_energies.csv, output/final_positions.pdb
[NBL-PTHREAD] Cleanup complete

All simulations complete.
