/Users/danielhenain/Desktop/MD_Engine_testing/venv/lib/python3.12/site-packages/MDAnalysis/topology/PDBParser.py:372: UserWarning: Unknown element X found for some atoms. These have been given an empty element record. If needed they can be guessed using universe.guess_TopologyAttrs(context='default', to_guess=['elements']).
  warnings.warn(wmsg)
Successfully converted 8192 atoms.
Output: temp_coords.bin

================ INITIALIZING SIMULATION ================
Converting input file via Python script...
deleting temp files 
Loaded 8192 atoms from ./input/random_particles-8192.pdb
Bounds: dx = 599.891  dy = 599.750  dz = 599.981
Simulation box L = 599.981
rc = 59.998, dt = 0.00500, steps = 1000
Manual thread override: 2

================ BEGINNING AUTOTUNING ================

================ FULL O(N^2) MD ================
FULL MD done. Time: 55.105275 seconds

================ CELL-LIST MD ================
nc=10 cell_size=59.998097 rc=59.998097 ratio=cell_size/rc=1.000
CELL-LIST MD done. Time: 9.735111 seconds

================ CELL-LIST (MANHATTAN) MD ================
nc=10 cell_size=59.998097 rc=59.998097 ratio=cell_size/rc=1.000
CELL-LIST (MANHATTAN) MD done. Time: 3.396662 seconds

================ NEIGHBOR-LIST MD (Serial) ================
nc=10 cell_size=59.998097 rc=59.998097 ratio=cell_size/rc=1.000
NEIGHBOR-LIST MD (Serial) done. Time: 3.497216 seconds

================ FULL O(N^2) Multithread MD ================
FULL MD done. Time: 57.857140 seconds

================ HALF-SHELL PARALLEL CELL-LIST MD ================
nc=10 cell_size=59.998097 rc=59.998097 ratio=cell_size/rc=1.000
HALF-SHELL MULTI-THREADED CELL-LIST MD done. Time: 3.045843 seconds

================ NEIGHBOR-LIST MD (Pthread) ================
nc=10 cell_size=59.998097 rc=59.998097 ratio=cell_size/rc=1.000
NEIGHBOR-LIST MD (Pthread) done. Time: 3.410108 seconds

================ MANHATTAN CELL-LIST MD (Pthread) ================
Manhattan threads: 2
nc=10 cell_size=59.998097 rc=59.998097 ratio=cell_size/rc=1.000
MANHATTAN CELL-LIST (Pthread) done. Time: 0.430995 seconds

========================================
PERFORMANCE COMPARISON
========================================
FULL O(N^2):                      55.105275 seconds (1.00x speedup)
CELL-LIST:                        9.735111 seconds (5.66x speedup)
CELL-LIST MANHATTAN:              3.396662 seconds (16.22x speedup)
NEIGHBOR-LIST:                    3.497216 seconds (15.76x speedup)
FULL O(N^2) PTHREADS              57.857140 seconds (0.95x speedup)
CELL-LIST HALF-SHELL PTHREADS:    3.045843 seconds (18.09x speedup)
CELL-LIST MANHATTAN PTHREADS:     0.430995 seconds (127.86x speedup)
NBL PTHREADS:                     3.410108 seconds (16.16x speedup)
========================================

FASTEST METHOD: MANHATTAN CELL-LIST (Pthread) (0.430995 seconds)

========================================
RUNNING FULL SIMULATION WITH: MANHATTAN CELL-LIST (Pthread)
for 2000 TIMESTEPS
========================================
nc=10 cell_size=59.998097 rc=59.998097 ratio=cell_size/rc=1.000
Final simulation complete. Time: 1.385240 seconds
Output: output/final_energies.csv, output/final_positions.pdb
[NBL-PTHREAD] Cleanup complete

All simulations complete.
